mode: set
github.com/iParadigms/walker/console/controllers.go:22.23,37.2 1 0
github.com/iParadigms/walker/console/controllers.go:39.63,43.2 3 1
github.com/iParadigms/walker/console/controllers.go:45.70,49.16 4 1
github.com/iParadigms/walker/console/controllers.go:60.2,61.16 2 1
github.com/iParadigms/walker/console/controllers.go:67.2,69.37 3 1
github.com/iParadigms/walker/console/controllers.go:74.2,80.43 2 1
github.com/iParadigms/walker/console/controllers.go:49.16,52.3 2 1
github.com/iParadigms/walker/console/controllers.go:52.4,55.17 3 1
github.com/iParadigms/walker/console/controllers.go:55.17,57.4 1 0
github.com/iParadigms/walker/console/controllers.go:61.16,65.3 3 0
github.com/iParadigms/walker/console/controllers.go:69.37,72.3 2 1
github.com/iParadigms/walker/console/controllers.go:83.69,84.26 1 1
github.com/iParadigms/walker/console/controllers.go:90.2,91.16 2 1
github.com/iParadigms/walker/console/controllers.go:96.2,97.31 2 1
github.com/iParadigms/walker/console/controllers.go:107.2,110.23 4 1
github.com/iParadigms/walker/console/controllers.go:117.2,117.23 1 1
github.com/iParadigms/walker/console/controllers.go:126.2,129.33 4 1
github.com/iParadigms/walker/console/controllers.go:144.2,147.22 3 1
github.com/iParadigms/walker/console/controllers.go:84.26,88.3 3 1
github.com/iParadigms/walker/console/controllers.go:91.16,94.3 2 0
github.com/iParadigms/walker/console/controllers.go:97.31,105.3 4 1
github.com/iParadigms/walker/console/controllers.go:110.23,112.14 2 1
github.com/iParadigms/walker/console/controllers.go:112.14,114.4 1 1
github.com/iParadigms/walker/console/controllers.go:117.23,124.3 3 1
github.com/iParadigms/walker/console/controllers.go:129.33,131.17 2 1
github.com/iParadigms/walker/console/controllers.go:136.3,136.19 1 1
github.com/iParadigms/walker/console/controllers.go:141.3,141.34 1 1
github.com/iParadigms/walker/console/controllers.go:131.17,133.12 2 0
github.com/iParadigms/walker/console/controllers.go:136.19,138.12 2 1
github.com/iParadigms/walker/console/controllers.go:147.22,157.3 4 1
github.com/iParadigms/walker/console/controllers.go:157.4,169.3 2 1
github.com/iParadigms/walker/console/controllers.go:174.71,175.26 1 1
github.com/iParadigms/walker/console/controllers.go:181.2,182.16 2 1
github.com/iParadigms/walker/console/controllers.go:187.2,188.9 2 1
github.com/iParadigms/walker/console/controllers.go:193.2,197.23 5 1
github.com/iParadigms/walker/console/controllers.go:212.2,212.19 1 1
github.com/iParadigms/walker/console/controllers.go:225.2,226.23 2 1
github.com/iParadigms/walker/console/controllers.go:238.2,243.8 3 1
github.com/iParadigms/walker/console/controllers.go:175.26,179.3 3 1
github.com/iParadigms/walker/console/controllers.go:182.16,185.3 2 0
github.com/iParadigms/walker/console/controllers.go:188.9,191.3 2 0
github.com/iParadigms/walker/console/controllers.go:197.23,199.14 2 1
github.com/iParadigms/walker/console/controllers.go:203.3,204.17 2 1
github.com/iParadigms/walker/console/controllers.go:209.3,209.27 1 1
github.com/iParadigms/walker/console/controllers.go:199.14,200.12 1 1
github.com/iParadigms/walker/console/controllers.go:204.17,206.12 2 0
github.com/iParadigms/walker/console/controllers.go:212.19,223.3 3 0
github.com/iParadigms/walker/console/controllers.go:226.23,227.29 1 0
github.com/iParadigms/walker/console/controllers.go:230.3,235.9 3 0
github.com/iParadigms/walker/console/controllers.go:227.29,229.4 1 0
github.com/iParadigms/walker/console/controllers.go:254.64,257.18 3 1
github.com/iParadigms/walker/console/controllers.go:261.2,262.16 2 1
github.com/iParadigms/walker/console/controllers.go:267.2,267.18 1 1
github.com/iParadigms/walker/console/controllers.go:272.2,276.19 5 1
github.com/iParadigms/walker/console/controllers.go:289.2,290.16 2 1
github.com/iParadigms/walker/console/controllers.go:295.2,297.33 3 1
github.com/iParadigms/walker/console/controllers.go:302.2,303.31 2 1
github.com/iParadigms/walker/console/controllers.go:308.2,319.8 3 1
github.com/iParadigms/walker/console/controllers.go:257.18,260.3 2 0
github.com/iParadigms/walker/console/controllers.go:262.16,265.3 2 0
github.com/iParadigms/walker/console/controllers.go:267.18,270.3 2 0
github.com/iParadigms/walker/console/controllers.go:276.19,280.3 3 1
github.com/iParadigms/walker/console/controllers.go:280.4,282.17 2 1
github.com/iParadigms/walker/console/controllers.go:286.3,286.15 1 1
github.com/iParadigms/walker/console/controllers.go:282.17,285.4 2 0
github.com/iParadigms/walker/console/controllers.go:290.16,293.3 2 0
github.com/iParadigms/walker/console/controllers.go:297.33,300.3 2 1
github.com/iParadigms/walker/console/controllers.go:303.31,306.3 2 1
github.com/iParadigms/walker/console/controllers.go:322.74,325.15 3 1
github.com/iParadigms/walker/console/controllers.go:329.2,330.16 2 1
github.com/iParadigms/walker/console/controllers.go:334.2,337.16 3 1
github.com/iParadigms/walker/console/controllers.go:342.2,346.49 2 1
github.com/iParadigms/walker/console/controllers.go:325.15,328.3 2 0
github.com/iParadigms/walker/console/controllers.go:330.16,333.3 2 0
github.com/iParadigms/walker/console/controllers.go:337.16,340.3 2 0
github.com/iParadigms/walker/console/controllers.go:349.68,350.26 1 1
github.com/iParadigms/walker/console/controllers.go:356.2,357.16 2 1
github.com/iParadigms/walker/console/controllers.go:362.2,363.9 2 1
github.com/iParadigms/walker/console/controllers.go:368.2,373.23 6 1
github.com/iParadigms/walker/console/controllers.go:396.2,399.22 3 1
github.com/iParadigms/walker/console/controllers.go:413.2,414.31 2 1
github.com/iParadigms/walker/console/controllers.go:419.2,433.8 3 1
github.com/iParadigms/walker/console/controllers.go:350.26,354.3 3 1
github.com/iParadigms/walker/console/controllers.go:357.16,360.3 2 0
github.com/iParadigms/walker/console/controllers.go:363.9,366.3 2 0
github.com/iParadigms/walker/console/controllers.go:373.23,375.14 2 1
github.com/iParadigms/walker/console/controllers.go:379.3,380.17 2 1
github.com/iParadigms/walker/console/controllers.go:385.3,386.17 2 1
github.com/iParadigms/walker/console/controllers.go:393.3,393.34 1 1
github.com/iParadigms/walker/console/controllers.go:375.14,376.12 1 1
github.com/iParadigms/walker/console/controllers.go:380.17,382.12 2 0
github.com/iParadigms/walker/console/controllers.go:386.17,388.12 2 0
github.com/iParadigms/walker/console/controllers.go:389.5,389.26 1 1
github.com/iParadigms/walker/console/controllers.go:389.26,391.12 2 0
github.com/iParadigms/walker/console/controllers.go:399.22,411.3 4 0
github.com/iParadigms/walker/console/controllers.go:414.31,417.3 2 1
github.com/iParadigms/walker/console/controllers.go:436.47,438.15 2 1
github.com/iParadigms/walker/console/controllers.go:442.2,443.50 2 1
github.com/iParadigms/walker/console/controllers.go:449.2,449.70 1 0
github.com/iParadigms/walker/console/controllers.go:438.15,440.3 1 0
github.com/iParadigms/walker/console/controllers.go:443.50,444.18 1 1
github.com/iParadigms/walker/console/controllers.go:444.18,446.4 1 1
github.com/iParadigms/walker/console/lifecycle.go:28.69,31.9 2 0
github.com/iParadigms/walker/console/lifecycle.go:35.2,39.20 4 0
github.com/iParadigms/walker/console/lifecycle.go:31.9,33.3 1 0
github.com/iParadigms/walker/console/lifecycle.go:45.57,47.6 1 0
github.com/iParadigms/walker/console/lifecycle.go:47.6,53.10 3 0
github.com/iParadigms/walker/console/lifecycle.go:60.3,60.17 1 0
github.com/iParadigms/walker/console/lifecycle.go:71.3,74.22 3 0
github.com/iParadigms/walker/console/lifecycle.go:54.3,55.32 1 0
github.com/iParadigms/walker/console/lifecycle.go:56.3,56.11 0 0
github.com/iParadigms/walker/console/lifecycle.go:60.17,65.52 2 0
github.com/iParadigms/walker/console/lifecycle.go:65.52,66.13 1 0
github.com/iParadigms/walker/console/lifecycle.go:78.37,80.2 1 0
github.com/iParadigms/walker/console/lifecycle.go:91.131,92.56 1 0
github.com/iParadigms/walker/console/lifecycle.go:92.56,96.3 3 0
github.com/iParadigms/walker/console/lifecycle.go:99.30,101.16 2 0
github.com/iParadigms/walker/console/lifecycle.go:104.2,104.21 1 0
github.com/iParadigms/walker/console/lifecycle.go:101.16,103.3 1 0
github.com/iParadigms/walker/console/lifecycle.go:110.14,115.12 4 0
github.com/iParadigms/walker/console/lifecycle.go:115.12,121.54 2 0
github.com/iParadigms/walker/console/lifecycle.go:129.3,129.49 1 0
github.com/iParadigms/walker/console/lifecycle.go:140.3,141.17 2 0
github.com/iParadigms/walker/console/lifecycle.go:144.3,157.32 6 0
github.com/iParadigms/walker/console/lifecycle.go:165.3,175.17 5 0
github.com/iParadigms/walker/console/lifecycle.go:181.3,182.17 2 0
github.com/iParadigms/walker/console/lifecycle.go:190.3,192.13 3 0
github.com/iParadigms/walker/console/lifecycle.go:204.3,215.9 6 0
github.com/iParadigms/walker/console/lifecycle.go:121.54,125.4 3 0
github.com/iParadigms/walker/console/lifecycle.go:125.5,127.4 1 0
github.com/iParadigms/walker/console/lifecycle.go:129.49,133.4 3 0
github.com/iParadigms/walker/console/lifecycle.go:133.5,135.4 1 0
github.com/iParadigms/walker/console/lifecycle.go:141.17,143.4 1 0
github.com/iParadigms/walker/console/lifecycle.go:157.32,160.4 2 0
github.com/iParadigms/walker/console/lifecycle.go:175.17,178.4 2 0
github.com/iParadigms/walker/console/lifecycle.go:182.17,185.4 2 0
github.com/iParadigms/walker/console/lifecycle.go:192.13,193.11 1 0
github.com/iParadigms/walker/console/lifecycle.go:198.4,198.18 1 0
github.com/iParadigms/walker/console/lifecycle.go:194.4,195.41 1 0
github.com/iParadigms/walker/console/lifecycle.go:196.4,196.27 0 0
github.com/iParadigms/walker/console/lifecycle.go:221.13,225.2 3 0
github.com/iParadigms/walker/console/lifecycle.go:228.12,232.2 3 0
github.com/iParadigms/walker/console/model.go:99.39,106.2 6 1
github.com/iParadigms/walker/console/model.go:108.29,110.2 1 1
github.com/iParadigms/walker/console/model.go:113.57,116.16 3 1
github.com/iParadigms/walker/console/model.go:120.2,120.16 1 1
github.com/iParadigms/walker/console/model.go:127.2,127.12 1 1
github.com/iParadigms/walker/console/model.go:116.16,118.3 1 0
github.com/iParadigms/walker/console/model.go:120.16,122.17 2 1
github.com/iParadigms/walker/console/model.go:122.17,124.4 1 0
github.com/iParadigms/walker/console/model.go:132.57,139.23 4 1
github.com/iParadigms/walker/console/model.go:169.2,171.23 3 1
github.com/iParadigms/walker/console/model.go:205.2,205.16 1 1
github.com/iParadigms/walker/console/model.go:139.23,142.17 3 1
github.com/iParadigms/walker/console/model.go:153.3,154.17 2 1
github.com/iParadigms/walker/console/model.go:161.3,162.27 2 1
github.com/iParadigms/walker/console/model.go:142.17,146.12 4 0
github.com/iParadigms/walker/console/model.go:147.5,147.30 1 1
github.com/iParadigms/walker/console/model.go:147.30,151.12 4 0
github.com/iParadigms/walker/console/model.go:154.17,158.12 4 0
github.com/iParadigms/walker/console/model.go:171.23,177.15 4 1
github.com/iParadigms/walker/console/model.go:181.3,181.15 1 1
github.com/iParadigms/walker/console/model.go:188.3,191.17 3 1
github.com/iParadigms/walker/console/model.go:196.3,199.17 2 1
github.com/iParadigms/walker/console/model.go:177.15,178.12 1 0
github.com/iParadigms/walker/console/model.go:181.15,183.18 2 1
github.com/iParadigms/walker/console/model.go:183.18,185.13 2 0
github.com/iParadigms/walker/console/model.go:191.17,193.12 2 0
github.com/iParadigms/walker/console/model.go:199.17,201.12 2 0
github.com/iParadigms/walker/console/model.go:208.80,216.57 7 1
github.com/iParadigms/walker/console/model.go:223.2,224.24 2 1
github.com/iParadigms/walker/console/model.go:216.57,219.37 3 1
github.com/iParadigms/walker/console/model.go:219.37,221.4 1 1
github.com/iParadigms/walker/console/model.go:227.67,231.24 1 1
github.com/iParadigms/walker/console/model.go:250.2,250.12 1 1
github.com/iParadigms/walker/console/model.go:231.24,235.17 3 1
github.com/iParadigms/walker/console/model.go:238.3,241.31 3 1
github.com/iParadigms/walker/console/model.go:235.17,237.4 1 0
github.com/iParadigms/walker/console/model.go:241.31,243.18 2 1
github.com/iParadigms/walker/console/model.go:246.4,246.38 1 1
github.com/iParadigms/walker/console/model.go:243.18,245.5 1 0
github.com/iParadigms/walker/console/model.go:253.97,254.16 1 1
github.com/iParadigms/walker/console/model.go:257.2,260.28 3 1
github.com/iParadigms/walker/console/model.go:270.2,274.49 5 1
github.com/iParadigms/walker/console/model.go:277.2,278.16 2 1
github.com/iParadigms/walker/console/model.go:281.2,283.20 2 1
github.com/iParadigms/walker/console/model.go:254.16,256.3 1 0
github.com/iParadigms/walker/console/model.go:260.28,262.3 1 1
github.com/iParadigms/walker/console/model.go:262.4,262.23 1 1
github.com/iParadigms/walker/console/model.go:262.23,264.3 1 1
github.com/iParadigms/walker/console/model.go:264.4,264.21 1 1
github.com/iParadigms/walker/console/model.go:264.21,266.3 1 1
github.com/iParadigms/walker/console/model.go:266.4,268.3 1 1
github.com/iParadigms/walker/console/model.go:274.49,276.3 1 1
github.com/iParadigms/walker/console/model.go:278.16,280.3 1 0
github.com/iParadigms/walker/console/model.go:286.79,287.16 1 1
github.com/iParadigms/walker/console/model.go:290.2,290.47 1 1
github.com/iParadigms/walker/console/model.go:287.16,289.3 1 0
github.com/iParadigms/walker/console/model.go:293.92,294.16 1 1
github.com/iParadigms/walker/console/model.go:297.2,297.52 1 1
github.com/iParadigms/walker/console/model.go:294.16,296.3 1 0
github.com/iParadigms/walker/console/model.go:301.68,306.40 5 1
github.com/iParadigms/walker/console/model.go:311.2,313.16 3 1
github.com/iParadigms/walker/console/model.go:317.2,320.19 4 1
github.com/iParadigms/walker/console/model.go:306.40,309.3 2 1
github.com/iParadigms/walker/console/model.go:313.16,315.3 1 0
github.com/iParadigms/walker/console/model.go:357.138,363.102 5 1
github.com/iParadigms/walker/console/model.go:399.2,399.20 1 1
github.com/iParadigms/walker/console/model.go:363.102,366.17 2 1
github.com/iParadigms/walker/console/model.go:369.3,373.37 3 1
github.com/iParadigms/walker/console/model.go:377.3,386.10 3 1
github.com/iParadigms/walker/console/model.go:393.3,395.27 2 1
github.com/iParadigms/walker/console/model.go:366.17,368.4 1 0
github.com/iParadigms/walker/console/model.go:373.37,374.12 1 0
github.com/iParadigms/walker/console/model.go:386.10,389.4 2 1
github.com/iParadigms/walker/console/model.go:389.5,392.4 2 1
github.com/iParadigms/walker/console/model.go:395.27,396.9 1 1
github.com/iParadigms/walker/console/model.go:407.93,408.16 1 1
github.com/iParadigms/walker/console/model.go:411.2,416.19 5 1
github.com/iParadigms/walker/console/model.go:472.2,473.27 2 1
github.com/iParadigms/walker/console/model.go:488.2,488.20 1 1
github.com/iParadigms/walker/console/model.go:408.16,410.3 1 0
github.com/iParadigms/walker/console/model.go:416.19,425.3 1 1
github.com/iParadigms/walker/console/model.go:425.4,427.17 2 1
github.com/iParadigms/walker/console/model.go:431.3,432.17 2 1
github.com/iParadigms/walker/console/model.go:436.3,437.17 2 1
github.com/iParadigms/walker/console/model.go:441.3,469.4 3 1
github.com/iParadigms/walker/console/model.go:427.17,429.4 1 0
github.com/iParadigms/walker/console/model.go:432.17,434.4 1 0
github.com/iParadigms/walker/console/model.go:437.17,439.4 1 0
github.com/iParadigms/walker/console/model.go:473.27,476.17 3 1
github.com/iParadigms/walker/console/model.go:480.3,481.17 2 1
github.com/iParadigms/walker/console/model.go:476.17,478.4 1 0
github.com/iParadigms/walker/console/model.go:481.17,483.4 1 0
github.com/iParadigms/walker/console/model.go:483.5,483.34 1 1
github.com/iParadigms/walker/console/model.go:483.34,485.4 1 1
github.com/iParadigms/walker/console/model.go:491.107,492.16 1 1
github.com/iParadigms/walker/console/model.go:495.2,497.16 3 1
github.com/iParadigms/walker/console/model.go:501.2,505.16 3 1
github.com/iParadigms/walker/console/model.go:508.2,509.16 2 1
github.com/iParadigms/walker/console/model.go:513.2,521.90 8 1
github.com/iParadigms/walker/console/model.go:540.2,542.45 2 1
github.com/iParadigms/walker/console/model.go:492.16,494.3 1 0
github.com/iParadigms/walker/console/model.go:497.16,499.3 1 0
github.com/iParadigms/walker/console/model.go:505.16,507.3 1 0
github.com/iParadigms/walker/console/model.go:509.16,511.3 1 0
github.com/iParadigms/walker/console/model.go:521.90,522.24 1 1
github.com/iParadigms/walker/console/model.go:527.3,536.27 4 1
github.com/iParadigms/walker/console/model.go:522.24,524.12 2 1
github.com/iParadigms/walker/console/model.go:536.27,537.9 1 1
github.com/iParadigms/walker/console/model.go:545.62,548.16 3 1
github.com/iParadigms/walker/console/model.go:551.2,559.16 3 1
github.com/iParadigms/walker/console/model.go:563.2,564.16 2 1
github.com/iParadigms/walker/console/model.go:568.2,571.16 4 1
github.com/iParadigms/walker/console/model.go:576.2,577.16 2 1
github.com/iParadigms/walker/console/model.go:581.2,581.22 1 1
github.com/iParadigms/walker/console/model.go:548.16,550.3 1 0
github.com/iParadigms/walker/console/model.go:559.16,561.3 1 0
github.com/iParadigms/walker/console/model.go:564.16,566.3 1 0
github.com/iParadigms/walker/console/model.go:571.16,574.3 2 0
github.com/iParadigms/walker/console/model.go:577.16,579.3 1 0
github.com/iParadigms/walker/console/model.go:581.22,583.3 1 0
github.com/iParadigms/walker/console/model.go:583.4,585.3 1 1
github.com/iParadigms/walker/console/rendering.go:24.39,25.13 1 1
github.com/iParadigms/walker/console/rendering.go:25.13,27.3 1 1
github.com/iParadigms/walker/console/rendering.go:27.4,29.3 1 0
github.com/iParadigms/walker/console/rendering.go:32.35,33.7 1 1
github.com/iParadigms/walker/console/rendering.go:33.7,35.3 1 0
github.com/iParadigms/walker/console/rendering.go:35.4,37.3 1 1
github.com/iParadigms/walker/console/rendering.go:41.42,42.19 1 1
github.com/iParadigms/walker/console/rendering.go:42.19,44.3 1 0
github.com/iParadigms/walker/console/rendering.go:44.4,46.3 1 1
github.com/iParadigms/walker/console/rendering.go:49.36,50.52 1 1
github.com/iParadigms/walker/console/rendering.go:50.52,52.3 1 1
github.com/iParadigms/walker/console/rendering.go:52.4,54.3 1 1
github.com/iParadigms/walker/console/rendering.go:57.37,58.52 1 1
github.com/iParadigms/walker/console/rendering.go:58.52,60.3 1 1
github.com/iParadigms/walker/console/rendering.go:60.4,62.3 1 1
github.com/iParadigms/walker/console/rendering.go:65.37,66.19 1 1
github.com/iParadigms/walker/console/rendering.go:66.19,68.3 1 1
github.com/iParadigms/walker/console/rendering.go:68.4,70.3 1 1
github.com/iParadigms/walker/console/rendering.go:75.20,93.2 1 1
github.com/iParadigms/walker/console/rendering.go:95.57,103.2 4 0
github.com/iParadigms/walker/console/rendering.go:106.41,109.2 2 1
github.com/iParadigms/walker/console/rendering.go:111.32,114.2 2 1
github.com/iParadigms/walker/console/spoof.go:21.18,22.21 1 1
github.com/iParadigms/walker/console/spoof.go:22.21,24.3 1 1
github.com/iParadigms/walker/console/spoof.go:27.22,28.50 1 1
github.com/iParadigms/walker/console/spoof.go:53.2,54.16 2 1
github.com/iParadigms/walker/console/spoof.go:61.2,62.16 2 1
github.com/iParadigms/walker/console/spoof.go:65.2,71.31 3 1
github.com/iParadigms/walker/console/spoof.go:78.2,85.27 6 1
github.com/iParadigms/walker/console/spoof.go:105.2,105.26 1 1
github.com/iParadigms/walker/console/spoof.go:129.2,136.26 2 1
github.com/iParadigms/walker/console/spoof.go:159.2,159.26 1 1
github.com/iParadigms/walker/console/spoof.go:181.2,181.8 1 1
github.com/iParadigms/walker/console/spoof.go:28.50,30.3 1 0
github.com/iParadigms/walker/console/spoof.go:35.2,39.17 3 1
github.com/iParadigms/walker/console/spoof.go:43.3,44.17 2 1
github.com/iParadigms/walker/console/spoof.go:47.3,47.13 1 1
github.com/iParadigms/walker/console/spoof.go:39.17,41.4 1 0
github.com/iParadigms/walker/console/spoof.go:44.17,46.4 1 0
github.com/iParadigms/walker/console/spoof.go:54.16,56.3 1 0
github.com/iParadigms/walker/console/spoof.go:62.16,64.3 1 0
github.com/iParadigms/walker/console/spoof.go:71.31,73.17 2 1
github.com/iParadigms/walker/console/spoof.go:73.17,75.4 1 0
github.com/iParadigms/walker/console/spoof.go:85.27,88.17 3 1
github.com/iParadigms/walker/console/spoof.go:91.3,94.27 4 1
github.com/iParadigms/walker/console/spoof.go:99.3,100.17 2 1
github.com/iParadigms/walker/console/spoof.go:88.17,90.4 1 0
github.com/iParadigms/walker/console/spoof.go:94.27,98.4 3 1
github.com/iParadigms/walker/console/spoof.go:100.17,102.4 1 0
github.com/iParadigms/walker/console/spoof.go:105.26,108.17 3 1
github.com/iParadigms/walker/console/spoof.go:112.3,112.28 1 1
github.com/iParadigms/walker/console/spoof.go:108.17,110.4 1 0
github.com/iParadigms/walker/console/spoof.go:112.28,116.28 4 1
github.com/iParadigms/walker/console/spoof.go:121.4,123.18 3 1
github.com/iParadigms/walker/console/spoof.go:116.28,120.5 3 1
github.com/iParadigms/walker/console/spoof.go:123.18,125.5 1 0
github.com/iParadigms/walker/console/spoof.go:136.26,139.17 3 1
github.com/iParadigms/walker/console/spoof.go:143.3,144.27 2 1
github.com/iParadigms/walker/console/spoof.go:139.17,141.4 1 0
github.com/iParadigms/walker/console/spoof.go:144.27,148.28 4 1
github.com/iParadigms/walker/console/spoof.go:152.4,153.18 2 1
github.com/iParadigms/walker/console/spoof.go:148.28,151.5 2 1
github.com/iParadigms/walker/console/spoof.go:153.18,155.5 1 0
github.com/iParadigms/walker/console/spoof.go:159.26,163.17 4 1
github.com/iParadigms/walker/console/spoof.go:167.3,167.27 1 1
github.com/iParadigms/walker/console/spoof.go:163.17,165.4 1 0
github.com/iParadigms/walker/console/spoof.go:167.27,170.18 3 1
github.com/iParadigms/walker/console/spoof.go:174.4,175.18 2 1
github.com/iParadigms/walker/console/spoof.go:170.18,172.5 1 0
github.com/iParadigms/walker/console/spoof.go:175.18,177.5 1 0
github.com/iParadigms/walker/console/spoof.go:184.32,187.2 2 1
github.com/iParadigms/walker/console/spoof.go:232.23,233.26 1 1
github.com/iParadigms/walker/console/spoof.go:233.26,235.3 1 1
github.com/iParadigms/walker/console/spoof.go:235.4,237.3 1 1
github.com/iParadigms/walker/console/spoof.go:243.28,244.22 1 1
github.com/iParadigms/walker/console/spoof.go:254.2,254.49 1 1
github.com/iParadigms/walker/console/spoof.go:244.22,245.26 1 1
github.com/iParadigms/walker/console/spoof.go:245.26,247.18 2 1
github.com/iParadigms/walker/console/spoof.go:250.4,250.40 1 1
github.com/iParadigms/walker/console/spoof.go:247.18,249.5 1 0
